// Jest Snapshot v1, https://goo.gl/fbAQLP

exports[`AddPlayerButton component should render the component properly 1`] = `
<div
  className="player add-player item"
  onClick={[Function]}
  title="Add new player"
>
  <div
    className="player-number"
  >
    +
  </div>
</div>
`;
